{
    "vcf_summary": {
        "content": [
            [
                "RS6843096_1_88"
            ],
            1,
            1
        ],
        "timestamp": "2026-08-18T10:02:09.973445967",
        "meta": {
            "nf-test": "0.9.5",
            "nextflow": "25.10.4"
        }
    }
}