{
    "multiple_vcf_summaries": {
        "content": [
            [
                {
                    "chromosomes": [
                        "RS6843096_1_88"
                    ],
                    "variantCount": 1,
                    "sampleCount": 1
                },
                {
                    "chromosomes": [
                        "RS6843096_1_88"
                    ],
                    "variantCount": 1,
                    "sampleCount": 4
                },
                {
                    "chromosomes": [
                        "RS6843096_1_88"
                    ],
                    "variantCount": 1,
                    "sampleCount": 1
                },
                {
                    "chromosomes": [
                        "RS6843096_1_88"
                    ],
                    "variantCount": 1,
                    "sampleCount": 1
                },
                {
                    "chromosomes": [
                        "RS6843096_1_88"
                    ],
                    "variantCount": 1,
                    "sampleCount": 1
                }
            ]
        ],
        "timestamp": "2026-08-19T11:33:28.027420486",
        "meta": {
            "nf-test": "0.9.5",
            "nextflow": "25.10.4"
        }
    }
}