{
    "The pipeline should run without failures": {
        "content": [
            {
                "success": true,
                "exitStatus": 0,
                "errorMessage": "",
                "errorReport": "",
                "failed": false,
                "trace": {
                    "tasksCount": 109,
                    "tasksFailed": 0,
                    "tasksSucceeded": 109
                },
                "stdout": [
                    
                ],
                "stderr": [
                    "\u001b[33mNextflow 26.04.6 is available - Please consider updating your version to it\u001b(B\u001b[m"
                ],
                "name": "workflow"
            }
        ],
        "timestamp": "2026-07-28T14:38:43.417848972",
        "meta": {
            "nf-test": "0.9.5",
            "nextflow": "25.04.8"
        }
    }
}