{
    "RNA qc_barcode should run without failures": {
        "content": [
            {
                "0": [
                    [
                        "Lib1_RNA_L001",
                        [
                            "RNA_barcode_occurence_heatmap.png:md5,d38eeba738cdaababdefe3bf44df78e4",
                            "RNA_barcode_upset_plot.png:md5,a7d5cac4649d842bae815cadf7e5eab3"
                        ]
                    ]
                ],
                "barcode_qc": [
                    [
                        "Lib1_RNA_L001",
                        [
                            "RNA_barcode_occurence_heatmap.png:md5,d38eeba738cdaababdefe3bf44df78e4",
                            "RNA_barcode_upset_plot.png:md5,a7d5cac4649d842bae815cadf7e5eab3"
                        ]
                    ]
                ]
            }
        ],
        "timestamp": "2026-06-08T10:56:51.176709093",
        "meta": {
            "nf-test": "0.9.5",
            "nextflow": "25.10.4"
        }
    },
    "DNA qc_barcode should run without failures": {
        "content": [
            {
                "0": [
                    [
                        "Lib2_DNA_L001",
                        [
                            "DNA_barcode_occurence_heatmap.png:md5,d0796f8c0749f820e5dbc63bb174d488",
                            "DNA_barcode_upset_plot.png:md5,1bcf62c3326e10c0d57f5f1acb197e8d"
                        ]
                    ]
                ],
                "barcode_qc": [
                    [
                        "Lib2_DNA_L001",
                        [
                            "DNA_barcode_occurence_heatmap.png:md5,d0796f8c0749f820e5dbc63bb174d488",
                            "DNA_barcode_upset_plot.png:md5,1bcf62c3326e10c0d57f5f1acb197e8d"
                        ]
                    ]
                ]
            }
        ],
        "timestamp": "2026-06-08T10:56:36.326497372",
        "meta": {
            "nf-test": "0.9.5",
            "nextflow": "25.10.4"
        }
    }
}